// Jest Snapshot v1, https://goo.gl/fbAQLP

exports[`Heading Component Matches Snapshot 1`] = `
LoadedCheerio {
  "0": <div
    class="ds-input ds-input--medium ds-input--animated  with-custom-props"
  >
    <input
      class="ds-input__input"
      placeholder=""
      type="text"
    />
    <label
      class="ds-input__label"
    />
  </div>,
  "_root": LoadedCheerio {
    "0": Document {
      "children": Array [
        <html>
          <head />
          <body />
        </html>,
      ],
      "endIndex": null,
      "next": null,
      "parent": null,
      "prev": null,
      "startIndex": null,
      "type": "root",
      "x-mode": "quirks",
    },
    "_root": [Circular],
    "length": 1,
    "options": Object {
      "decodeEntities": true,
      "xml": false,
    },
  },
  "length": 1,
  "options": Object {
    "decodeEntities": true,
    "xml": false,
  },
}
`;
