// Jest Snapshot v1, https://goo.gl/fbAQLP

exports[`Heading Component Matches Snapshot 1`] = `
LoadedCheerio {
  "0": <h1
    class="ds-heading ds-heading--display"
    data-testid="text-heading"
  >
    Heading Default Text
  </h1>,
  "_root": LoadedCheerio {
    "0": Document {
      "children": Array [
        <html>
          <head />
          <body />
        </html>,
      ],
      "endIndex": null,
      "next": null,
      "parent": null,
      "prev": null,
      "startIndex": null,
      "type": "root",
      "x-mode": "quirks",
    },
    "_root": [Circular],
    "length": 1,
    "options": Object {
      "decodeEntities": true,
      "xml": false,
    },
  },
  "length": 1,
  "options": Object {
    "decodeEntities": true,
    "xml": false,
  },
}
`;
