// Jest Snapshot v1, https://goo.gl/fbAQLP

exports[`Button Test Suite Should match snapshot 1`] = `[Function]`;
