// Jest Snapshot v1, https://goo.gl/fbAQLP

exports[`Bar Test Suite Should match snapshot 1`] = `[Function]`;
