// Jest Snapshot v1, https://goo.gl/fbAQLP

exports[`Icon Component Matches Snapshot 1`] = `
LoadedCheerio {
  "0": <div
    class="ds-icon ds-icon--arrow-back ds-icon__color--neutral-90"
    data-testid="text-icon"
  />,
  "_root": LoadedCheerio {
    "0": Document {
      "children": Array [
        <html>
          <head />
          <body />
        </html>,
      ],
      "endIndex": null,
      "next": null,
      "parent": null,
      "prev": null,
      "startIndex": null,
      "type": "root",
      "x-mode": "quirks",
    },
    "_root": [Circular],
    "length": 1,
    "options": Object {
      "decodeEntities": true,
      "xml": false,
    },
  },
  "length": 1,
  "options": Object {
    "decodeEntities": true,
    "xml": false,
  },
}
`;
