// Jest Snapshot v1, https://goo.gl/fbAQLP

exports[`Foo Test Suite Should match snapshot 1`] = `[Function]`;
