// Jest Snapshot v1, https://goo.gl/fbAQLP

exports[`Button Component Matches Snapshot 1`] = `
LoadedCheerio {
  "0": <button
    class="ds-button ds-button--medium ds-button--primary"
    data-testid="button"
  >
    <span
      class="ds-button__text"
    >
      Button Default Text
    </span>
  </button>,
  "_root": LoadedCheerio {
    "0": Document {
      "children": Array [
        <html>
          <head />
          <body />
        </html>,
      ],
      "endIndex": null,
      "next": null,
      "parent": null,
      "prev": null,
      "startIndex": null,
      "type": "root",
      "x-mode": "quirks",
    },
    "_root": [Circular],
    "length": 1,
    "options": Object {
      "decodeEntities": true,
      "xml": false,
    },
  },
  "length": 1,
  "options": Object {
    "decodeEntities": true,
    "xml": false,
  },
}
`;
